9783 2500
138 15
148 20
123 17
111 16
145 21
169 26
142 22
131 21
137 22
124 20
164 27
107 18
161 28
157 28
112 20
175 32
153 28
103 19
101 19
170 32
112 22
110 22
178 37
160 34
136 29
173 39
104 24
161 38
103 25
130 32
145 36
172 43
144 37
138 36
147 39
145 39
130 35
177 48
199 54
163 45
136 38
139 39
156 44
176 50
164 48
171 51
134 40
185 58
180 57
150 48
156 50
171 56
197 65
141 47
162 54
149 50
166 56
194 66
182 62
186 65
137 48
177 63
163 59
162 60
151 61
