179 319
14 24
14 24
14 24
14 24
13 23
13 23
13 23
13 23
13 23
12 22
12 22
12 22
11 21
11 21
