484 594
49 59
48 58
47 57
46 56
45 55
44 54
43 53
42 52
41 51
40 50
39 49
